// Jest Snapshot v1, https://goo.gl/fbAQLP

exports[`test renderer transformer simple RN hierarchy should return JS string with one element 1`] = `"g.react.createElement(g.react.Fragment, null, g.react.createElement(g.rn.View, {\\"style\\":{\\"flex\\":1,\\"backgroundColor\\":\\"red\\"}}, undefined))"`;
